C:/TouchGFXProjects/Projet_IOT_Alarme/Core/Src/main.c:1018:6:Start_SR04_Task	1
C:/TouchGFXProjects/Projet_IOT_Alarme/Core/Src/main.c:957:6:StartDefaultTask	6
C:/TouchGFXProjects/Projet_IOT_Alarme/Core/Src/main.c:149:6:HAL_TIM_IC_CaptureCallback	5
C:/TouchGFXProjects/Projet_IOT_Alarme/Core/Src/main.c:306:6:SystemClock_Config	1
C:/TouchGFXProjects/Projet_IOT_Alarme/Core/Src/main.c:195:5:main	3
C:/TouchGFXProjects/Projet_IOT_Alarme/Core/Src/main.c:944:5:__io_putchar	1
C:/TouchGFXProjects/Projet_IOT_Alarme/Core/Src/main.c:1073:6:HAL_TIM_PeriodElapsedCallback	2
C:/TouchGFXProjects/Projet_IOT_Alarme/Core/Src/main.c:1095:6:Error_Handler	1
