C:/TouchGFXProjects/Projet_IOT_Alarme/Core/Src/main.c:1018:6:Start_SR04_Task	0	static
C:/TouchGFXProjects/Projet_IOT_Alarme/Core/Src/main.c:957:6:StartDefaultTask	8	static
C:/TouchGFXProjects/Projet_IOT_Alarme/Core/Src/main.c:149:6:HAL_TIM_IC_CaptureCallback	24	static
C:/TouchGFXProjects/Projet_IOT_Alarme/Core/Src/main.c:306:6:SystemClock_Config	88	static
C:/TouchGFXProjects/Projet_IOT_Alarme/Core/Src/main.c:195:5:main	144	static,ignoring_inline_asm
C:/TouchGFXProjects/Projet_IOT_Alarme/Core/Src/main.c:944:5:__io_putchar	16	static
C:/TouchGFXProjects/Projet_IOT_Alarme/Core/Src/main.c:1073:6:HAL_TIM_PeriodElapsedCallback	0	static
C:/TouchGFXProjects/Projet_IOT_Alarme/Core/Src/main.c:1095:6:Error_Handler	0	static
